#source "Test003.me"

'Declaraciones globales
#type Piloto: {
	inicial:char
	crono:3 * float
}
#global F1:3 * Piloto

call main
halt

'**
'** Features
'**

#line 32
inicia:
#func inicia
#ret void
#param i:int
#param inicial:char
#param q1:float
#param q2:float
#param q3:float

#line 34
pusha 0
push bp
push 17
add
loadi
pushi 13
muli
addi
pushi 0
add
push bp
push 16
add
loadb
storeb

#line 35
pusha 0
push bp
push 17
add
loadi
pushi 13
muli
addi
pushi 1
add
pushi 0
pushi 4
muli
addi
push bp
push 12
add
loadf
storef

#line 36
pusha 0
push bp
push 17
add
loadi
pushi 13
muli
addi
pushi 1
add
pushi 1
pushi 4
muli
addi
push bp
push 8
add
loadf
storef

#line 37
pusha 0
push bp
push 17
add
loadi
pushi 13
muli
addi
pushi 1
add
pushi 2
pushi 4
muli
addi
push bp
push 4
add
loadf
storef

#line 38
ret 0, 0, 15

#line 40
imprimeElMejor:
#func imprimeElMejor
#ret void

#line 45
enter 12
#local mejorPiloto:int
#local menorCrono:float
#local ultimaCrono:float
#local i:int

#line 47
push bp
push -6
add
pushf 1000.0
storef
' until-from 0000

#line 49
push bp
push -12
add
pushi 0
storei

#line 50
untilcond0000:
push bp
push -12
add
loadi
pushi 3
gei
jnz untilend0000

#line 50

#line 51
push bp
push -10
add
pusha 0
push bp
push -12
add
loadi
pushi 13
muli
addi
pushi 1
add
pushi 2
pushi 4
muli
addi
loadf
storef

#line 52
push bp
push -10
add
loadf
push bp
push -6
add
loadf
ltf
jz else0001

#line 53
push bp
push -6
add
push bp
push -10
add
loadf
storef

#line 54
push bp
push -2
add
push bp
push -12
add
loadi
storei
jmp finelse0001
else0001:
finelse0001:

#line 56
push bp
push -12
add
push bp
push -12
add
loadi
pushi 1
addi
storei
jmp untilcond0000
untilend0000:

#line 59
pusha 0
push bp
push -2
add
loadi
pushi 13
muli
addi
pushi 0
add
loadb
outb
pushb 10
outb
' until-from 0002

#line 61
push bp
push -12
add
pushi 0
storei

#line 62
untilcond0002:
push bp
push -12
add
loadi
pushi 3
gei
jnz untilend0002

#line 62

#line 63
pusha 0
push bp
push -2
add
loadi
pushi 13
muli
addi
pushi 1
add
push bp
push -12
add
loadi
pushi 4
muli
addi
loadf
outf
pushb 10
outb

#line 64
push bp
push -12
add
push bp
push -12
add
loadi
pushi 1
addi
storei
jmp untilcond0002
untilend0002:

#line 65
ret 0, 12, 0

#line 68
inicio:
#func inicio
#ret void

#line 70
pushi 0
pushb 65
pushf 1.50
pushf 1.49
pushf 1.48
call inicia

#line 71
pushi 1
pushb 72
pushf 1.52
pushf 1.51
pushf 1.50
call inicia

#line 72
pushi 2
pushb 86
pushf 1.54
pushf 1.52
pushf 1.51
call inicia

#line 74
call imprimeElMejor

#line 75
ret 0, 0, 0

'**
'** Main
'**

#line 79
main:
#func main
#ret void

#line 79
call inicio

#line 80
ret 0, 0, 0
