#source "Test001.me"

'Declaraciones globales
#global varGlobal:float

call main
halt

'**
'** Features
'**

#line 26
doble:
#func doble
#ret int
#param valor:int

#line 28
push bp
push 4
add
loadi
pushi 2
muli
ret 2, 0, 2

#line 31
inicio:
#func inicio
#ret void

#line 33
enter 2
#local varLocal:int

#line 36
pusha 0
pushf 1.0
storef

#line 37
push bp
push -2
add
pushi 2
storei

#line 39
pusha 0
loadf
pushf 2.0
ltf
jz else0000

#line 40
pushi 1
outi
pushb 10
outb
jmp finelse0000
else0000:

#line 42
push bp
push -2
add
loadi
outi
pushb 10
outb
finelse0000:

#line 45
pushi 2
call doble
outi
pushb 10
outb

#line 46
ret 0, 2, 0

'**
'** Main
'**

#line 50
main:
#func main
#ret void

#line 50
call inicio

#line 51
ret 0, 0, 0
