#source "Test005.me"

'Declaraciones globales
#type Pareja: {
	entero:int
	caracter:char
}
#type Empleado: {
	edad:int
}
#type Empresa: {
	empleados:2 * Empleado
}
#global pareja:Pareja
#global acme:2 * Empresa
#global fibonacci:8 * 3 * int

call main
halt

'**
'** Features
'**

#line 41
p:
#func p
#ret void

#line 42
ret 0, 0, 0

#line 44
f:
#func f
#ret int
#param paramReal:float
#param paramInt:int

#line 48
enter 7
#local localReal:float
#local digito:char
#local resultado:int

#line 50
push bp
push -4
add
push bp
push 6
add
loadf
pushf 10.0
mulf
storef

#line 51
push bp
push -5
add
pushb 48
storeb

#line 52
push bp
push 4
add
loadi
pushi 256
lti
jz else0000

#line 53
push bp
push -5
add
push bp
push 4
add
loadi
i2b
storeb

#line 54
push bp
push -7
add
push bp
push -5
add
loadb
b2i
storei
jmp finelse0000
else0000:

#line 56
push bp
push -7
add
push bp
push -4
add
loadf
f2i
storei
finelse0000:

#line 58
push bp
push -7
add
loadi
ret 2, 7, 6

#line 62
inicializa:
#func inicializa
#ret void

#line 64
enter 2
#local i:int

#line 66
pusha 11
pushi 0
pushi 6
muli
addi
pushi 0
pushi 2
muli
addi
pushi 0
storei

#line 67
pusha 11
pushi 0
pushi 6
muli
addi
pushi 1
pushi 2
muli
addi
pushi 1
storei

#line 68
pusha 11
pushi 0
pushi 6
muli
addi
pushi 2
pushi 2
muli
addi
pushi 1
storei
' until-from 0001

#line 70
push bp
push -2
add
pushi 1
storei

#line 71
untilcond0001:
push bp
push -2
add
loadi
pushi 8
eqi
jnz untilend0001

#line 71

#line 72
pusha 11
push bp
push -2
add
loadi
pushi 6
muli
addi
pushi 0
pushi 2
muli
addi
pusha 11
push bp
push -2
add
loadi
pushi 1
subi
pushi 6
muli
addi
pushi 1
pushi 2
muli
addi
loadi
storei

#line 73
pusha 11
push bp
push -2
add
loadi
pushi 6
muli
addi
pushi 1
pushi 2
muli
addi
pusha 11
push bp
push -2
add
loadi
pushi 1
subi
pushi 6
muli
addi
pushi 2
pushi 2
muli
addi
loadi
storei

#line 74
pusha 11
push bp
push -2
add
loadi
pushi 6
muli
addi
pushi 2
pushi 2
muli
addi
pusha 11
push bp
push -2
add
loadi
pushi 6
muli
addi
pushi 0
pushi 2
muli
addi
loadi
pusha 11
push bp
push -2
add
loadi
pushi 6
muli
addi
pushi 1
pushi 2
muli
addi
loadi
addi
storei

#line 75
push bp
push -2
add
push bp
push -2
add
loadi
pushi 1
addi
storei
jmp untilcond0001
untilend0001:

#line 76
ret 0, 2, 0

#line 81
inicio:
#func inicio
#ret void

#line 84
enter 4
#local i:int
#local j:int

#line 86
call p

#line 88
push bp
push -2
add
pushi 0
storei

#line 89
pusha 0
pushi 2
add
pushb 48
storeb

#line 90
pusha 0
pushi 0
add
pushb 48
b2i
storei

#line 92
push bp
push -2
add
loadi
i2f
pusha 0
pushi 2
add
loadb
b2i
call f
outi
pushb 10
outb

#line 93
pushf 1.3
pushi 2
call f
popi

#line 95
call inicializa
' until-from 0002

#line 97
push bp
push -2
add
pushi 0
storei

#line 98
untilcond0002:
push bp
push -2
add
loadi
pushi 8
eqi
jnz untilend0002

#line 98

#line 99
pushb 40
outb

#line 100
push bp
push -2
add
loadi
pushi 1
addi
outi

#line 101
pushb 41
outb

#line 102
pushb 32
outb

#line 103
pusha 11
push bp
push -2
add
loadi
pushi 6
muli
addi
pushi 0
pushi 2
muli
addi
loadi
outi

#line 104
pushb 43
outb

#line 105
pusha 11
push bp
push -2
add
loadi
pushi 6
muli
addi
pushi 1
pushi 2
muli
addi
loadi
outi

#line 106
pushb 61
outb

#line 107
pusha 11
push bp
push -2
add
loadi
pushi 6
muli
addi
pushi 2
pushi 2
muli
addi
loadi
outi

#line 108
pushb 10
outb

#line 109
push bp
push -2
add
push bp
push -2
add
loadi
pushi 1
addi
storei
jmp untilcond0002
untilend0002:

#line 112
pusha 3
pushi 1
pushi 4
muli
addi
pushi 0
add
pushi 1
pushi 2
muli
addi
pushi 0
add
pushi 56
storei

#line 113
pusha 3
pushi 1
pushi 4
muli
addi
pushi 0
add
pushi 1
pushi 2
muli
addi
pushi 0
add
loadi
outi
pushb 10
outb
' until-from 0003

#line 116
push bp
push -2
add
pushi 0
storei

#line 117
untilcond0003:
push bp
push -2
add
loadi
pushi 2
eqi
jnz untilend0003

#line 117
' until-from 0004

#line 119
push bp
push -4
add
pushi 0
storei

#line 120
untilcond0004:
push bp
push -4
add
loadi
pushi 2
eqi
jnz untilend0004

#line 120

#line 121
pusha 3
push bp
push -2
add
loadi
pushi 4
muli
addi
pushi 0
add
push bp
push -4
add
loadi
pushi 2
muli
addi
pushi 0
add
push bp
push -2
add
loadi
push bp
push -4
add
loadi
addi
storei

#line 122
push bp
push -4
add
push bp
push -4
add
loadi
pushi 1
addi
storei
jmp untilcond0004
untilend0004:

#line 124
push bp
push -2
add
push bp
push -2
add
loadi
pushi 1
addi
storei
jmp untilcond0003
untilend0003:
' until-from 0005

#line 128
push bp
push -2
add
pushi 0
storei

#line 129
untilcond0005:
push bp
push -2
add
loadi
pushi 2
eqi
jnz untilend0005

#line 129
' until-from 0006

#line 131
push bp
push -4
add
pushi 0
storei

#line 132
untilcond0006:
push bp
push -4
add
loadi
pushi 2
eqi
jnz untilend0006

#line 132

#line 133
pusha 3
push bp
push -2
add
loadi
pushi 4
muli
addi
pushi 0
add
push bp
push -4
add
loadi
pushi 2
muli
addi
pushi 0
add
loadi
outi

#line 134
pushb 32
outb

#line 135
push bp
push -4
add
push bp
push -4
add
loadi
pushi 1
addi
storei
jmp untilcond0006
untilend0006:

#line 137
push bp
push -2
add
push bp
push -2
add
loadi
pushi 1
addi
storei
jmp untilcond0005
untilend0005:

#line 138
ret 0, 4, 0

'**
'** Main
'**

#line 144
main:
#func main
#ret void

#line 144
call inicio

#line 145
ret 0, 0, 0
