#source "HolaMundo.me"
#func main
#ret void
CALL main
HALT

#line 10
main:

#line 13
PUSHB 72	' 'H'
OUTB
PUSHB 111	' 'o'
OUTB
PUSHB 108	' 'l'
OUTB
PUSHB 97	' 'a'
OUTB
PUSHB 32	' ' '
OUTB
PUSHB 77	' 'M'
OUTB
PUSHB 117	' 'u'
OUTB
PUSHB 110	' 'n'
OUTB
PUSHB 100	' 'd'
OUTB
PUSHB 111	' 'o'
OUTB
PUSHB 33	' '!'
OUTB

#line 14
PUSHB 10
OUTB

#line 14
RET 0, 0, 0
