#source "Test Gestion de Memoria.me"

'Declaraciones globales
#type Persona: {
	edad:int
	meses:12 * int
	a:float
}
#type Prueba: {
	campo1:int
	campo2:int
}
#global a:char
#global b:float
#global c:2 * Persona
#global d:int

call main
halt

'**
'** Features
'**

#line 54
f:
#func f
#ret void
#param a:int
#param b:float
#param h:char

#line 59
enter 67
#local c:char
#local d:int
#local e:2 * Persona
#local f:float

#line 60
ret 0, 67, 7

'**
'** Main
'**

#line 65
main:
#func main
#ret void

#line 65
pushi 1
pushf 2.5
pushb 97
call f

#line 66
ret 0, 0, 0
